2026-09-23T18:57:44.780Z setNativeSchedule target=2026-09-27T20:20:00.000Z tz=Europe/Madrid
2026-09-23T18:57:46.310Z schedule mode enabled; state={"inputs":[{"tag":"input","value":"","readonly":false},{"tag":"input","value":"21:15","readonly":true},{"tag":"input","value":"2026-09-23","readonly":true},{"tag":"input","value":"on","readonly":false},{"tag":"input","value":"on","readonly":false}],"panels":{"timepicker":false,"calendar":false},"scheduleRadioChecked":true}
2026-09-23T18:57:46.318Z found 2 control(s): [{"kind":"time","index":24,"x":386,"y":1031,"text":"21:15","tag":"input","role":"","readonly":true},{"kind":"date","index":25,"x":578,"y":1031,"text":"2026-09-23","tag":"input","role":"","readonly":true}]
2026-09-23T18:57:46.323Z attempt 1: want time=22:20 date=2026-09-27; controls=[{"kind":"time","index":24,"x":386,"y":1031,"text":"21:15","tag":"input","role":"","readonly":true},{"kind":"date","index":25,"x":578,"y":1031,"text":"2026-09-23","tag":"input","role":"","readonly":true}]
2026-09-23T18:57:47.058Z   time: panel did not open (state={"found":true,"visible":false,"text":":000102030405060708091011121314151617181920212223000510152025303540455055"})
2026-09-23T18:57:47.783Z   time: panel did not open (state={"found":true,"visible":false,"text":":000102030405060708091011121314151617181920212223000510152025303540455055"})
2026-09-23T18:57:49.287Z   after time: ok=false; state={"inputs":[{"tag":"input","value":"","readonly":false},{"tag":"input","value":"21:15","readonly":false},{"tag":"input","value":"2026-09-23","readonly":true},{"tag":"input","value":"on","readonly":false},{"tag":"input","value":"on","readonly":false}],"panels":{"timepicker":false,"calendar":false},"scheduleRadioChecked":true}
2026-09-23T18:57:50.232Z   date: clicked field at (578,533.953125); state={"inputs":[{"tag":"input","value":"","readonly":false},{"tag":"input","value":"21:15","readonly":false},{"tag":"input","value":"2026-09-23","readonly":true},{"tag":"input","value":"on","readonly":false},{"tag":"input","value":"on","readonly":false}],"panels":{"timepicker":false,"calendar":true},"scheduleRadioChecked":true}
2026-09-23T18:57:50.249Z   date: iteration 1 header={"score":31,"month":9,"year":2026,"header":"September / 2026"}
2026-09-23T18:57:50.840Z   date: clicked day 27
2026-09-23T18:57:50.896Z   after date: ok=true; state={"inputs":[{"tag":"input","value":"","readonly":false},{"tag":"input","value":"21:15","readonly":false},{"tag":"input","value":"2026-09-27","readonly":true},{"tag":"input","value":"on","readonly":false},{"tag":"input","value":"on","readonly":false}],"panels":{"timepicker":false,"calendar":false},"scheduleRadioChecked":true}
2026-09-23T18:57:51.803Z attempt 1 readback: time=21:15 date=2026-09-27 match=false
2026-09-23T18:57:52.320Z attempt 2: want time=22:20 date=2026-09-27; controls=[{"kind":"time","index":24,"x":386,"y":534,"text":"21:15","tag":"input","role":"","readonly":false},{"kind":"date","index":25,"x":578,"y":534,"text":"2026-09-27","tag":"input","role":"","readonly":true}]
2026-09-23T18:57:55.587Z   time: hour 22 ok=true, minute 20 ok=true, panelClosed=true
2026-09-23T18:57:55.595Z   after time: ok=true; state={"inputs":[{"tag":"input","value":"","readonly":false},{"tag":"input","value":"22:20","readonly":false},{"tag":"input","value":"2026-09-27","readonly":true},{"tag":"input","value":"on","readonly":false},{"tag":"input","value":"on","readonly":false}],"panels":{"timepicker":false,"calendar":false},"scheduleRadioChecked":true}
2026-09-23T18:57:56.539Z   date: clicked field at (578,533.953125); state={"inputs":[{"tag":"input","value":"","readonly":false},{"tag":"input","value":"22:20","readonly":false},{"tag":"input","value":"2026-09-27","readonly":true},{"tag":"input","value":"on","readonly":false},{"tag":"input","value":"on","readonly":false}],"panels":{"timepicker":false,"calendar":true},"scheduleRadioChecked":true}
2026-09-23T18:57:56.555Z   date: iteration 1 header={"score":31,"month":9,"year":2026,"header":"September / 2026"}
2026-09-23T18:57:57.122Z   date: clicked day 27
2026-09-23T18:57:57.129Z   after date: ok=true; state={"inputs":[{"tag":"input","value":"","readonly":false},{"tag":"input","value":"22:20","readonly":false},{"tag":"input","value":"2026-09-27","readonly":true},{"tag":"input","value":"on","readonly":false},{"tag":"input","value":"on","readonly":false}],"panels":{"timepicker":false,"calendar":false},"scheduleRadioChecked":true}
2026-09-23T18:57:58.036Z attempt 2 readback: time=22:20 date=2026-09-27 match=true
